[2025-08-25 10:58:54] local.ERROR: View [accueil] not found. {"exception":"[object] (InvalidArgumentException(code: 0): View [accueil] not found. at /media/fanojo/Nouveau_nom/21-08-25/LARAVEL12/tia_school/vendor/laravel/framework/src/Illuminate/View/FileViewFinder.php:137)
[stacktrace]
#0 /media/fanojo/Nouveau_nom/21-08-25/LARAVEL12/tia_school/vendor/laravel/framework/src/Illuminate/View/FileViewFinder.php(79): Illuminate\\View\\FileViewFinder->findInPaths()
#1 /media/fanojo/Nouveau_nom/21-08-25/LARAVEL12/tia_school/vendor/laravel/framework/src/Illuminate/View/Factory.php(137): Illuminate\\View\\FileViewFinder->find()
#2 /media/fanojo/Nouveau_nom/21-08-25/LARAVEL12/tia_school/vendor/laravel/framework/src/Illuminate/Foundation/helpers.php(1020): Illuminate\\View\\Factory->make()
#3 laravel-serializable-closure://function () {
    return \\view('accueil');
}(3): view()
#4 /media/fanojo/Nouveau_nom/21-08-25/LARAVEL12/tia_school/vendor/laravel/framework/src/Illuminate/Routing/CallableDispatcher.php(40): Illuminate\\Routing\\RouteFileRegistrar::{closure}()
#5 /media/fanojo/Nouveau_nom/21-08-25/LARAVEL12/tia_school/vendor/laravel/framework/src/Illuminate/Routing/Route.php(237): Illuminate\\Routing\\CallableDispatcher->dispatch()
#6 /media/fanojo/Nouveau_nom/21-08-25/LARAVEL12/tia_school/vendor/laravel/framework/src/Illuminate/Routing/Route.php(208): Illuminate\\Routing\\Route->runCallable()
#7 /media/fanojo/Nouveau_nom/21-08-25/LARAVEL12/tia_school/vendor/laravel/framework/src/Illuminate/Routing/Router.php(806): Illuminate\\Routing\\Route->run()
#8 /media/fanojo/Nouveau_nom/21-08-25/LARAVEL12/tia_school/vendor/laravel/framework/src/Illuminate/Pipeline/Pipeline.php(144): Illuminate\\Routing\\Router->Illuminate\\Routing\\{closure}()
#9 /media/fanojo/Nouveau_nom/21-08-25/LARAVEL12/tia_school/vendor/laravel/framework/src/Illuminate/Routing/Middleware/SubstituteBindings.php(50): Illuminate\\Pipeline\\Pipeline->Illuminate\\Pipeline\\{closure}()
#10 /media/fanojo/Nouveau_nom/21-08-25/LARAVEL12/tia_school/vendor/laravel/framework/src/Illuminate/Pipeline/Pipeline.php(183): Illuminate\\Routing\\Middleware\\SubstituteBindings->handle()
#11 /media/fanojo/Nouveau_nom/21-08-25/LARAVEL12/tia_school/vendor/laravel/framework/src/Illuminate/Foundation/Http/Middleware/VerifyCsrfToken.php(78): Illuminate\\Pipeline\\Pipeline->Illuminate\\Pipeline\\{closure}()
#12 /media/fanojo/Nouveau_nom/21-08-25/LARAVEL12/tia_school/vendor/laravel/framework/src/Illuminate/Pipeline/Pipeline.php(183): Illuminate\\Foundation\\Http\\Middleware\\VerifyCsrfToken->handle()
#13 /media/fanojo/Nouveau_nom/21-08-25/LARAVEL12/tia_school/vendor/laravel/framework/src/Illuminate/View/Middleware/ShareErrorsFromSession.php(49): Illuminate\\Pipeline\\Pipeline->Illuminate\\Pipeline\\{closure}()
#14 /media/fanojo/Nouveau_nom/21-08-25/LARAVEL12/tia_school/vendor/laravel/framework/src/Illuminate/Pipeline/Pipeline.php(183): Illuminate\\View\\Middleware\\ShareErrorsFromSession->handle()
#15 /media/fanojo/Nouveau_nom/21-08-25/LARAVEL12/tia_school/vendor/laravel/framework/src/Illuminate/Session/Middleware/StartSession.php(121): Illuminate\\Pipeline\\Pipeline->Illuminate\\Pipeline\\{closure}()
#16 /media/fanojo/Nouveau_nom/21-08-25/LARAVEL12/tia_school/vendor/laravel/framework/src/Illuminate/Session/Middleware/StartSession.php(64): Illuminate\\Session\\Middleware\\StartSession->handleStatefulRequest()
#17 /media/fanojo/Nouveau_nom/21-08-25/LARAVEL12/tia_school/vendor/laravel/framework/src/Illuminate/Pipeline/Pipeline.php(183): Illuminate\\Session\\Middleware\\StartSession->handle()
#18 /media/fanojo/Nouveau_nom/21-08-25/LARAVEL12/tia_school/vendor/laravel/framework/src/Illuminate/Cookie/Middleware/AddQueuedCookiesToResponse.php(37): Illuminate\\Pipeline\\Pipeline->Illuminate\\Pipeline\\{closure}()
#19 /media/fanojo/Nouveau_nom/21-08-25/LARAVEL12/tia_school/vendor/laravel/framework/src/Illuminate/Pipeline/Pipeline.php(183): Illuminate\\Cookie\\Middleware\\AddQueuedCookiesToResponse->handle()
#20 /media/fanojo/Nouveau_nom/21-08-25/LARAVEL12/tia_school/vendor/laravel/framework/src/Illuminate/Cookie/Middleware/EncryptCookies.php(67): Illuminate\\Pipeline\\Pipeline->Illuminate\\Pipeline\\{closure}()
#21 /media/fanojo/Nouveau_nom/21-08-25/LARAVEL12/tia_school/vendor/laravel/framework/src/Illuminate/Pipeline/Pipeline.php(183): Illuminate\\Cookie\\Middleware\\EncryptCookies->handle()
#22 /media/fanojo/Nouveau_nom/21-08-25/LARAVEL12/tia_school/vendor/laravel/framework/src/Illuminate/Pipeline/Pipeline.php(119): Illuminate\\Pipeline\\Pipeline->Illuminate\\Pipeline\\{closure}()
#23 /media/fanojo/Nouveau_nom/21-08-25/LARAVEL12/tia_school/vendor/laravel/framework/src/Illuminate/Routing/Router.php(805): Illuminate\\Pipeline\\Pipeline->then()
#24 /media/fanojo/Nouveau_nom/21-08-25/LARAVEL12/tia_school/vendor/laravel/framework/src/Illuminate/Routing/Router.php(784): Illuminate\\Routing\\Router->runRouteWithinStack()
#25 /media/fanojo/Nouveau_nom/21-08-25/LARAVEL12/tia_school/vendor/laravel/framework/src/Illuminate/Routing/Router.php(748): Illuminate\\Routing\\Router->runRoute()
#26 /media/fanojo/Nouveau_nom/21-08-25/LARAVEL12/tia_school/vendor/laravel/framework/src/Illuminate/Routing/Router.php(737): Illuminate\\Routing\\Router->dispatchToRoute()
#27 /media/fanojo/Nouveau_nom/21-08-25/LARAVEL12/tia_school/vendor/laravel/framework/src/Illuminate/Foundation/Http/Kernel.php(200): Illuminate\\Routing\\Router->dispatch()
#28 /media/fanojo/Nouveau_nom/21-08-25/LARAVEL12/tia_school/vendor/laravel/framework/src/Illuminate/Pipeline/Pipeline.php(144): Illuminate\\Foundation\\Http\\Kernel->Illuminate\\Foundation\\Http\\{closure}()
#29 /media/fanojo/Nouveau_nom/21-08-25/LARAVEL12/tia_school/vendor/laravel/framework/src/Illuminate/Foundation/Http/Middleware/TransformsRequest.php(21): Illuminate\\Pipeline\\Pipeline->Illuminate\\Pipeline\\{closure}()
#30 /media/fanojo/Nouveau_nom/21-08-25/LARAVEL12/tia_school/vendor/laravel/framework/src/Illuminate/Foundation/Http/Middleware/ConvertEmptyStringsToNull.php(31): Illuminate\\Foundation\\Http\\Middleware\\TransformsRequest->handle()
#31 /media/fanojo/Nouveau_nom/21-08-25/LARAVEL12/tia_school/vendor/laravel/framework/src/Illuminate/Pipeline/Pipeline.php(183): Illuminate\\Foundation\\Http\\Middleware\\ConvertEmptyStringsToNull->handle()
#32 /media/fanojo/Nouveau_nom/21-08-25/LARAVEL12/tia_school/vendor/laravel/framework/src/Illuminate/Foundation/Http/Middleware/TransformsRequest.php(21): Illuminate\\Pipeline\\Pipeline->Illuminate\\Pipeline\\{closure}()
#33 /media/fanojo/Nouveau_nom/21-08-25/LARAVEL12/tia_school/vendor/laravel/framework/src/Illuminate/Foundation/Http/Middleware/TrimStrings.php(40): Illuminate\\Foundation\\Http\\Middleware\\TransformsRequest->handle()
#34 /media/fanojo/Nouveau_nom/21-08-25/LARAVEL12/tia_school/vendor/laravel/framework/src/Illuminate/Pipeline/Pipeline.php(183): Illuminate\\Foundation\\Http\\Middleware\\TrimStrings->handle()
#35 /media/fanojo/Nouveau_nom/21-08-25/LARAVEL12/tia_school/vendor/laravel/framework/src/Illuminate/Foundation/Http/Middleware/ValidatePostSize.php(27): Illuminate\\Pipeline\\Pipeline->Illuminate\\Pipeline\\{closure}()
#36 /media/fanojo/Nouveau_nom/21-08-25/LARAVEL12/tia_school/vendor/laravel/framework/src/Illuminate/Pipeline/Pipeline.php(183): Illuminate\\Foundation\\Http\\Middleware\\ValidatePostSize->handle()
#37 /media/fanojo/Nouveau_nom/21-08-25/LARAVEL12/tia_school/vendor/laravel/framework/src/Illuminate/Foundation/Http/Middleware/PreventRequestsDuringMaintenance.php(99): Illuminate\\Pipeline\\Pipeline->Illuminate\\Pipeline\\{closure}()
#38 /media/fanojo/Nouveau_nom/21-08-25/LARAVEL12/tia_school/vendor/laravel/framework/src/Illuminate/Pipeline/Pipeline.php(183): Illuminate\\Foundation\\Http\\Middleware\\PreventRequestsDuringMaintenance->handle()
#39 /media/fanojo/Nouveau_nom/21-08-25/LARAVEL12/tia_school/vendor/laravel/framework/src/Illuminate/Http/Middleware/HandleCors.php(49): Illuminate\\Pipeline\\Pipeline->Illuminate\\Pipeline\\{closure}()
#40 /media/fanojo/Nouveau_nom/21-08-25/LARAVEL12/tia_school/vendor/laravel/framework/src/Illuminate/Pipeline/Pipeline.php(183): Illuminate\\Http\\Middleware\\HandleCors->handle()
#41 /media/fanojo/Nouveau_nom/21-08-25/LARAVEL12/tia_school/vendor/laravel/framework/src/Illuminate/Http/Middleware/TrustProxies.php(39): Illuminate\\Pipeline\\Pipeline->Illuminate\\Pipeline\\{closure}()
#42 /media/fanojo/Nouveau_nom/21-08-25/LARAVEL12/tia_school/vendor/laravel/framework/src/Illuminate/Pipeline/Pipeline.php(183): Illuminate\\Http\\Middleware\\TrustProxies->handle()
#43 /media/fanojo/Nouveau_nom/21-08-25/LARAVEL12/tia_school/vendor/laravel/framework/src/Illuminate/Pipeline/Pipeline.php(119): Illuminate\\Pipeline\\Pipeline->Illuminate\\Pipeline\\{closure}()
#44 /media/fanojo/Nouveau_nom/21-08-25/LARAVEL12/tia_school/vendor/laravel/framework/src/Illuminate/Foundation/Http/Kernel.php(175): Illuminate\\Pipeline\\Pipeline->then()
#45 /media/fanojo/Nouveau_nom/21-08-25/LARAVEL12/tia_school/vendor/laravel/framework/src/Illuminate/Foundation/Http/Kernel.php(144): Illuminate\\Foundation\\Http\\Kernel->sendRequestThroughRouter()
#46 /media/fanojo/Nouveau_nom/21-08-25/LARAVEL12/tia_school/public/index.php(51): Illuminate\\Foundation\\Http\\Kernel->handle()
#47 /media/fanojo/Nouveau_nom/21-08-25/LARAVEL12/tia_school/vendor/laravel/framework/src/Illuminate/Foundation/resources/server.php(16): require_once('...')
#48 {main}
"} 
[2025-08-25 10:58:54] local.ERROR: file_put_contents(C:\LARAVEL12\tia_school\storage\framework/sessions/Fm6Ckf17hAQej6ipWKR7GDKzn69evT7sSWsWDnW3): Failed to open stream: No such file or directory {"exception":"[object] (ErrorException(code: 0): file_put_contents(C:\\LARAVEL12\\tia_school\\storage\\framework/sessions/Fm6Ckf17hAQej6ipWKR7GDKzn69evT7sSWsWDnW3): Failed to open stream: No such file or directory at /media/fanojo/Nouveau_nom/21-08-25/LARAVEL12/tia_school/vendor/laravel/framework/src/Illuminate/Filesystem/Filesystem.php:204)
[stacktrace]
#0 /media/fanojo/Nouveau_nom/21-08-25/LARAVEL12/tia_school/vendor/laravel/framework/src/Illuminate/Foundation/Bootstrap/HandleExceptions.php(255): Illuminate\\Foundation\\Bootstrap\\HandleExceptions->handleError()
#1 [internal function]: Illuminate\\Foundation\\Bootstrap\\HandleExceptions->Illuminate\\Foundation\\Bootstrap\\{closure}()
#2 /media/fanojo/Nouveau_nom/21-08-25/LARAVEL12/tia_school/vendor/laravel/framework/src/Illuminate/Filesystem/Filesystem.php(204): file_put_contents()
#3 /media/fanojo/Nouveau_nom/21-08-25/LARAVEL12/tia_school/vendor/laravel/framework/src/Illuminate/Session/FileSessionHandler.php(90): Illuminate\\Filesystem\\Filesystem->put()
#4 /media/fanojo/Nouveau_nom/21-08-25/LARAVEL12/tia_school/vendor/laravel/framework/src/Illuminate/Session/Store.php(172): Illuminate\\Session\\FileSessionHandler->write()
#5 /media/fanojo/Nouveau_nom/21-08-25/LARAVEL12/tia_school/vendor/laravel/framework/src/Illuminate/Session/Middleware/StartSession.php(245): Illuminate\\Session\\Store->save()
#6 /media/fanojo/Nouveau_nom/21-08-25/LARAVEL12/tia_school/vendor/laravel/framework/src/Illuminate/Session/Middleware/StartSession.php(130): Illuminate\\Session\\Middleware\\StartSession->saveSession()
#7 /media/fanojo/Nouveau_nom/21-08-25/LARAVEL12/tia_school/vendor/laravel/framework/src/Illuminate/Session/Middleware/StartSession.php(64): Illuminate\\Session\\Middleware\\StartSession->handleStatefulRequest()
#8 /media/fanojo/Nouveau_nom/21-08-25/LARAVEL12/tia_school/vendor/laravel/framework/src/Illuminate/Pipeline/Pipeline.php(183): Illuminate\\Session\\Middleware\\StartSession->handle()
#9 /media/fanojo/Nouveau_nom/21-08-25/LARAVEL12/tia_school/vendor/laravel/framework/src/Illuminate/Cookie/Middleware/AddQueuedCookiesToResponse.php(37): Illuminate\\Pipeline\\Pipeline->Illuminate\\Pipeline\\{closure}()
#10 /media/fanojo/Nouveau_nom/21-08-25/LARAVEL12/tia_school/vendor/laravel/framework/src/Illuminate/Pipeline/Pipeline.php(183): Illuminate\\Cookie\\Middleware\\AddQueuedCookiesToResponse->handle()
#11 /media/fanojo/Nouveau_nom/21-08-25/LARAVEL12/tia_school/vendor/laravel/framework/src/Illuminate/Cookie/Middleware/EncryptCookies.php(67): Illuminate\\Pipeline\\Pipeline->Illuminate\\Pipeline\\{closure}()
#12 /media/fanojo/Nouveau_nom/21-08-25/LARAVEL12/tia_school/vendor/laravel/framework/src/Illuminate/Pipeline/Pipeline.php(183): Illuminate\\Cookie\\Middleware\\EncryptCookies->handle()
#13 /media/fanojo/Nouveau_nom/21-08-25/LARAVEL12/tia_school/vendor/laravel/framework/src/Illuminate/Pipeline/Pipeline.php(119): Illuminate\\Pipeline\\Pipeline->Illuminate\\Pipeline\\{closure}()
#14 /media/fanojo/Nouveau_nom/21-08-25/LARAVEL12/tia_school/vendor/laravel/framework/src/Illuminate/Routing/Router.php(805): Illuminate\\Pipeline\\Pipeline->then()
#15 /media/fanojo/Nouveau_nom/21-08-25/LARAVEL12/tia_school/vendor/laravel/framework/src/Illuminate/Routing/Router.php(784): Illuminate\\Routing\\Router->runRouteWithinStack()
#16 /media/fanojo/Nouveau_nom/21-08-25/LARAVEL12/tia_school/vendor/laravel/framework/src/Illuminate/Routing/Router.php(748): Illuminate\\Routing\\Router->runRoute()
#17 /media/fanojo/Nouveau_nom/21-08-25/LARAVEL12/tia_school/vendor/laravel/framework/src/Illuminate/Routing/Router.php(737): Illuminate\\Routing\\Router->dispatchToRoute()
#18 /media/fanojo/Nouveau_nom/21-08-25/LARAVEL12/tia_school/vendor/laravel/framework/src/Illuminate/Foundation/Http/Kernel.php(200): Illuminate\\Routing\\Router->dispatch()
#19 /media/fanojo/Nouveau_nom/21-08-25/LARAVEL12/tia_school/vendor/laravel/framework/src/Illuminate/Pipeline/Pipeline.php(144): Illuminate\\Foundation\\Http\\Kernel->Illuminate\\Foundation\\Http\\{closure}()
#20 /media/fanojo/Nouveau_nom/21-08-25/LARAVEL12/tia_school/vendor/laravel/framework/src/Illuminate/Foundation/Http/Middleware/TransformsRequest.php(21): Illuminate\\Pipeline\\Pipeline->Illuminate\\Pipeline\\{closure}()
#21 /media/fanojo/Nouveau_nom/21-08-25/LARAVEL12/tia_school/vendor/laravel/framework/src/Illuminate/Foundation/Http/Middleware/ConvertEmptyStringsToNull.php(31): Illuminate\\Foundation\\Http\\Middleware\\TransformsRequest->handle()
#22 /media/fanojo/Nouveau_nom/21-08-25/LARAVEL12/tia_school/vendor/laravel/framework/src/Illuminate/Pipeline/Pipeline.php(183): Illuminate\\Foundation\\Http\\Middleware\\ConvertEmptyStringsToNull->handle()
#23 /media/fanojo/Nouveau_nom/21-08-25/LARAVEL12/tia_school/vendor/laravel/framework/src/Illuminate/Foundation/Http/Middleware/TransformsRequest.php(21): Illuminate\\Pipeline\\Pipeline->Illuminate\\Pipeline\\{closure}()
#24 /media/fanojo/Nouveau_nom/21-08-25/LARAVEL12/tia_school/vendor/laravel/framework/src/Illuminate/Foundation/Http/Middleware/TrimStrings.php(40): Illuminate\\Foundation\\Http\\Middleware\\TransformsRequest->handle()
#25 /media/fanojo/Nouveau_nom/21-08-25/LARAVEL12/tia_school/vendor/laravel/framework/src/Illuminate/Pipeline/Pipeline.php(183): Illuminate\\Foundation\\Http\\Middleware\\TrimStrings->handle()
#26 /media/fanojo/Nouveau_nom/21-08-25/LARAVEL12/tia_school/vendor/laravel/framework/src/Illuminate/Foundation/Http/Middleware/ValidatePostSize.php(27): Illuminate\\Pipeline\\Pipeline->Illuminate\\Pipeline\\{closure}()
#27 /media/fanojo/Nouveau_nom/21-08-25/LARAVEL12/tia_school/vendor/laravel/framework/src/Illuminate/Pipeline/Pipeline.php(183): Illuminate\\Foundation\\Http\\Middleware\\ValidatePostSize->handle()
#28 /media/fanojo/Nouveau_nom/21-08-25/LARAVEL12/tia_school/vendor/laravel/framework/src/Illuminate/Foundation/Http/Middleware/PreventRequestsDuringMaintenance.php(99): Illuminate\\Pipeline\\Pipeline->Illuminate\\Pipeline\\{closure}()
#29 /media/fanojo/Nouveau_nom/21-08-25/LARAVEL12/tia_school/vendor/laravel/framework/src/Illuminate/Pipeline/Pipeline.php(183): Illuminate\\Foundation\\Http\\Middleware\\PreventRequestsDuringMaintenance->handle()
#30 /media/fanojo/Nouveau_nom/21-08-25/LARAVEL12/tia_school/vendor/laravel/framework/src/Illuminate/Http/Middleware/HandleCors.php(49): Illuminate\\Pipeline\\Pipeline->Illuminate\\Pipeline\\{closure}()
#31 /media/fanojo/Nouveau_nom/21-08-25/LARAVEL12/tia_school/vendor/laravel/framework/src/Illuminate/Pipeline/Pipeline.php(183): Illuminate\\Http\\Middleware\\HandleCors->handle()
#32 /media/fanojo/Nouveau_nom/21-08-25/LARAVEL12/tia_school/vendor/laravel/framework/src/Illuminate/Http/Middleware/TrustProxies.php(39): Illuminate\\Pipeline\\Pipeline->Illuminate\\Pipeline\\{closure}()
#33 /media/fanojo/Nouveau_nom/21-08-25/LARAVEL12/tia_school/vendor/laravel/framework/src/Illuminate/Pipeline/Pipeline.php(183): Illuminate\\Http\\Middleware\\TrustProxies->handle()
#34 /media/fanojo/Nouveau_nom/21-08-25/LARAVEL12/tia_school/vendor/laravel/framework/src/Illuminate/Pipeline/Pipeline.php(119): Illuminate\\Pipeline\\Pipeline->Illuminate\\Pipeline\\{closure}()
#35 /media/fanojo/Nouveau_nom/21-08-25/LARAVEL12/tia_school/vendor/laravel/framework/src/Illuminate/Foundation/Http/Kernel.php(175): Illuminate\\Pipeline\\Pipeline->then()
#36 /media/fanojo/Nouveau_nom/21-08-25/LARAVEL12/tia_school/vendor/laravel/framework/src/Illuminate/Foundation/Http/Kernel.php(144): Illuminate\\Foundation\\Http\\Kernel->sendRequestThroughRouter()
#37 /media/fanojo/Nouveau_nom/21-08-25/LARAVEL12/tia_school/public/index.php(51): Illuminate\\Foundation\\Http\\Kernel->handle()
#38 /media/fanojo/Nouveau_nom/21-08-25/LARAVEL12/tia_school/vendor/laravel/framework/src/Illuminate/Foundation/resources/server.php(16): require_once('...')
#39 {main}
"} 
[2025-08-25 10:59:52] local.ERROR: View [accueil] not found. {"exception":"[object] (InvalidArgumentException(code: 0): View [accueil] not found. at /media/fanojo/Nouveau_nom/21-08-25/LARAVEL12/tia_school/vendor/laravel/framework/src/Illuminate/View/FileViewFinder.php:137)
[stacktrace]
#0 /media/fanojo/Nouveau_nom/21-08-25/LARAVEL12/tia_school/vendor/laravel/framework/src/Illuminate/View/FileViewFinder.php(79): Illuminate\\View\\FileViewFinder->findInPaths()
#1 /media/fanojo/Nouveau_nom/21-08-25/LARAVEL12/tia_school/vendor/laravel/framework/src/Illuminate/View/Factory.php(137): Illuminate\\View\\FileViewFinder->find()
#2 /media/fanojo/Nouveau_nom/21-08-25/LARAVEL12/tia_school/vendor/laravel/framework/src/Illuminate/Foundation/helpers.php(1020): Illuminate\\View\\Factory->make()
#3 laravel-serializable-closure://function () {
    return \\view('accueil');
}(3): view()
#4 /media/fanojo/Nouveau_nom/21-08-25/LARAVEL12/tia_school/vendor/laravel/framework/src/Illuminate/Routing/CallableDispatcher.php(40): Illuminate\\Routing\\RouteFileRegistrar::{closure}()
#5 /media/fanojo/Nouveau_nom/21-08-25/LARAVEL12/tia_school/vendor/laravel/framework/src/Illuminate/Routing/Route.php(237): Illuminate\\Routing\\CallableDispatcher->dispatch()
#6 /media/fanojo/Nouveau_nom/21-08-25/LARAVEL12/tia_school/vendor/laravel/framework/src/Illuminate/Routing/Route.php(208): Illuminate\\Routing\\Route->runCallable()
#7 /media/fanojo/Nouveau_nom/21-08-25/LARAVEL12/tia_school/vendor/laravel/framework/src/Illuminate/Routing/Router.php(806): Illuminate\\Routing\\Route->run()
#8 /media/fanojo/Nouveau_nom/21-08-25/LARAVEL12/tia_school/vendor/laravel/framework/src/Illuminate/Pipeline/Pipeline.php(144): Illuminate\\Routing\\Router->Illuminate\\Routing\\{closure}()
#9 /media/fanojo/Nouveau_nom/21-08-25/LARAVEL12/tia_school/vendor/laravel/framework/src/Illuminate/Routing/Middleware/SubstituteBindings.php(50): Illuminate\\Pipeline\\Pipeline->Illuminate\\Pipeline\\{closure}()
#10 /media/fanojo/Nouveau_nom/21-08-25/LARAVEL12/tia_school/vendor/laravel/framework/src/Illuminate/Pipeline/Pipeline.php(183): Illuminate\\Routing\\Middleware\\SubstituteBindings->handle()
#11 /media/fanojo/Nouveau_nom/21-08-25/LARAVEL12/tia_school/vendor/laravel/framework/src/Illuminate/Foundation/Http/Middleware/VerifyCsrfToken.php(78): Illuminate\\Pipeline\\Pipeline->Illuminate\\Pipeline\\{closure}()
#12 /media/fanojo/Nouveau_nom/21-08-25/LARAVEL12/tia_school/vendor/laravel/framework/src/Illuminate/Pipeline/Pipeline.php(183): Illuminate\\Foundation\\Http\\Middleware\\VerifyCsrfToken->handle()
#13 /media/fanojo/Nouveau_nom/21-08-25/LARAVEL12/tia_school/vendor/laravel/framework/src/Illuminate/View/Middleware/ShareErrorsFromSession.php(49): Illuminate\\Pipeline\\Pipeline->Illuminate\\Pipeline\\{closure}()
#14 /media/fanojo/Nouveau_nom/21-08-25/LARAVEL12/tia_school/vendor/laravel/framework/src/Illuminate/Pipeline/Pipeline.php(183): Illuminate\\View\\Middleware\\ShareErrorsFromSession->handle()
#15 /media/fanojo/Nouveau_nom/21-08-25/LARAVEL12/tia_school/vendor/laravel/framework/src/Illuminate/Session/Middleware/StartSession.php(121): Illuminate\\Pipeline\\Pipeline->Illuminate\\Pipeline\\{closure}()
#16 /media/fanojo/Nouveau_nom/21-08-25/LARAVEL12/tia_school/vendor/laravel/framework/src/Illuminate/Session/Middleware/StartSession.php(64): Illuminate\\Session\\Middleware\\StartSession->handleStatefulRequest()
#17 /media/fanojo/Nouveau_nom/21-08-25/LARAVEL12/tia_school/vendor/laravel/framework/src/Illuminate/Pipeline/Pipeline.php(183): Illuminate\\Session\\Middleware\\StartSession->handle()
#18 /media/fanojo/Nouveau_nom/21-08-25/LARAVEL12/tia_school/vendor/laravel/framework/src/Illuminate/Cookie/Middleware/AddQueuedCookiesToResponse.php(37): Illuminate\\Pipeline\\Pipeline->Illuminate\\Pipeline\\{closure}()
#19 /media/fanojo/Nouveau_nom/21-08-25/LARAVEL12/tia_school/vendor/laravel/framework/src/Illuminate/Pipeline/Pipeline.php(183): Illuminate\\Cookie\\Middleware\\AddQueuedCookiesToResponse->handle()
#20 /media/fanojo/Nouveau_nom/21-08-25/LARAVEL12/tia_school/vendor/laravel/framework/src/Illuminate/Cookie/Middleware/EncryptCookies.php(67): Illuminate\\Pipeline\\Pipeline->Illuminate\\Pipeline\\{closure}()
#21 /media/fanojo/Nouveau_nom/21-08-25/LARAVEL12/tia_school/vendor/laravel/framework/src/Illuminate/Pipeline/Pipeline.php(183): Illuminate\\Cookie\\Middleware\\EncryptCookies->handle()
#22 /media/fanojo/Nouveau_nom/21-08-25/LARAVEL12/tia_school/vendor/laravel/framework/src/Illuminate/Pipeline/Pipeline.php(119): Illuminate\\Pipeline\\Pipeline->Illuminate\\Pipeline\\{closure}()
#23 /media/fanojo/Nouveau_nom/21-08-25/LARAVEL12/tia_school/vendor/laravel/framework/src/Illuminate/Routing/Router.php(805): Illuminate\\Pipeline\\Pipeline->then()
#24 /media/fanojo/Nouveau_nom/21-08-25/LARAVEL12/tia_school/vendor/laravel/framework/src/Illuminate/Routing/Router.php(784): Illuminate\\Routing\\Router->runRouteWithinStack()
#25 /media/fanojo/Nouveau_nom/21-08-25/LARAVEL12/tia_school/vendor/laravel/framework/src/Illuminate/Routing/Router.php(748): Illuminate\\Routing\\Router->runRoute()
#26 /media/fanojo/Nouveau_nom/21-08-25/LARAVEL12/tia_school/vendor/laravel/framework/src/Illuminate/Routing/Router.php(737): Illuminate\\Routing\\Router->dispatchToRoute()
#27 /media/fanojo/Nouveau_nom/21-08-25/LARAVEL12/tia_school/vendor/laravel/framework/src/Illuminate/Foundation/Http/Kernel.php(200): Illuminate\\Routing\\Router->dispatch()
#28 /media/fanojo/Nouveau_nom/21-08-25/LARAVEL12/tia_school/vendor/laravel/framework/src/Illuminate/Pipeline/Pipeline.php(144): Illuminate\\Foundation\\Http\\Kernel->Illuminate\\Foundation\\Http\\{closure}()
#29 /media/fanojo/Nouveau_nom/21-08-25/LARAVEL12/tia_school/vendor/laravel/framework/src/Illuminate/Foundation/Http/Middleware/TransformsRequest.php(21): Illuminate\\Pipeline\\Pipeline->Illuminate\\Pipeline\\{closure}()
#30 /media/fanojo/Nouveau_nom/21-08-25/LARAVEL12/tia_school/vendor/laravel/framework/src/Illuminate/Foundation/Http/Middleware/ConvertEmptyStringsToNull.php(31): Illuminate\\Foundation\\Http\\Middleware\\TransformsRequest->handle()
#31 /media/fanojo/Nouveau_nom/21-08-25/LARAVEL12/tia_school/vendor/laravel/framework/src/Illuminate/Pipeline/Pipeline.php(183): Illuminate\\Foundation\\Http\\Middleware\\ConvertEmptyStringsToNull->handle()
#32 /media/fanojo/Nouveau_nom/21-08-25/LARAVEL12/tia_school/vendor/laravel/framework/src/Illuminate/Foundation/Http/Middleware/TransformsRequest.php(21): Illuminate\\Pipeline\\Pipeline->Illuminate\\Pipeline\\{closure}()
#33 /media/fanojo/Nouveau_nom/21-08-25/LARAVEL12/tia_school/vendor/laravel/framework/src/Illuminate/Foundation/Http/Middleware/TrimStrings.php(40): Illuminate\\Foundation\\Http\\Middleware\\TransformsRequest->handle()
#34 /media/fanojo/Nouveau_nom/21-08-25/LARAVEL12/tia_school/vendor/laravel/framework/src/Illuminate/Pipeline/Pipeline.php(183): Illuminate\\Foundation\\Http\\Middleware\\TrimStrings->handle()
#35 /media/fanojo/Nouveau_nom/21-08-25/LARAVEL12/tia_school/vendor/laravel/framework/src/Illuminate/Foundation/Http/Middleware/ValidatePostSize.php(27): Illuminate\\Pipeline\\Pipeline->Illuminate\\Pipeline\\{closure}()
#36 /media/fanojo/Nouveau_nom/21-08-25/LARAVEL12/tia_school/vendor/laravel/framework/src/Illuminate/Pipeline/Pipeline.php(183): Illuminate\\Foundation\\Http\\Middleware\\ValidatePostSize->handle()
#37 /media/fanojo/Nouveau_nom/21-08-25/LARAVEL12/tia_school/vendor/laravel/framework/src/Illuminate/Foundation/Http/Middleware/PreventRequestsDuringMaintenance.php(99): Illuminate\\Pipeline\\Pipeline->Illuminate\\Pipeline\\{closure}()
#38 /media/fanojo/Nouveau_nom/21-08-25/LARAVEL12/tia_school/vendor/laravel/framework/src/Illuminate/Pipeline/Pipeline.php(183): Illuminate\\Foundation\\Http\\Middleware\\PreventRequestsDuringMaintenance->handle()
#39 /media/fanojo/Nouveau_nom/21-08-25/LARAVEL12/tia_school/vendor/laravel/framework/src/Illuminate/Http/Middleware/HandleCors.php(49): Illuminate\\Pipeline\\Pipeline->Illuminate\\Pipeline\\{closure}()
#40 /media/fanojo/Nouveau_nom/21-08-25/LARAVEL12/tia_school/vendor/laravel/framework/src/Illuminate/Pipeline/Pipeline.php(183): Illuminate\\Http\\Middleware\\HandleCors->handle()
#41 /media/fanojo/Nouveau_nom/21-08-25/LARAVEL12/tia_school/vendor/laravel/framework/src/Illuminate/Http/Middleware/TrustProxies.php(39): Illuminate\\Pipeline\\Pipeline->Illuminate\\Pipeline\\{closure}()
#42 /media/fanojo/Nouveau_nom/21-08-25/LARAVEL12/tia_school/vendor/laravel/framework/src/Illuminate/Pipeline/Pipeline.php(183): Illuminate\\Http\\Middleware\\TrustProxies->handle()
#43 /media/fanojo/Nouveau_nom/21-08-25/LARAVEL12/tia_school/vendor/laravel/framework/src/Illuminate/Pipeline/Pipeline.php(119): Illuminate\\Pipeline\\Pipeline->Illuminate\\Pipeline\\{closure}()
#44 /media/fanojo/Nouveau_nom/21-08-25/LARAVEL12/tia_school/vendor/laravel/framework/src/Illuminate/Foundation/Http/Kernel.php(175): Illuminate\\Pipeline\\Pipeline->then()
#45 /media/fanojo/Nouveau_nom/21-08-25/LARAVEL12/tia_school/vendor/laravel/framework/src/Illuminate/Foundation/Http/Kernel.php(144): Illuminate\\Foundation\\Http\\Kernel->sendRequestThroughRouter()
#46 /media/fanojo/Nouveau_nom/21-08-25/LARAVEL12/tia_school/public/index.php(51): Illuminate\\Foundation\\Http\\Kernel->handle()
#47 /media/fanojo/Nouveau_nom/21-08-25/LARAVEL12/tia_school/vendor/laravel/framework/src/Illuminate/Foundation/resources/server.php(16): require_once('...')
#48 {main}
"} 
[2025-08-25 10:59:52] local.ERROR: file_put_contents(C:\LARAVEL12\tia_school\storage\framework/sessions/eYYzg1NekIDQqI9D46uHaJz5mwb79NjIFTBMDr0t): Failed to open stream: No such file or directory {"exception":"[object] (ErrorException(code: 0): file_put_contents(C:\\LARAVEL12\\tia_school\\storage\\framework/sessions/eYYzg1NekIDQqI9D46uHaJz5mwb79NjIFTBMDr0t): Failed to open stream: No such file or directory at /media/fanojo/Nouveau_nom/21-08-25/LARAVEL12/tia_school/vendor/laravel/framework/src/Illuminate/Filesystem/Filesystem.php:204)
[stacktrace]
#0 /media/fanojo/Nouveau_nom/21-08-25/LARAVEL12/tia_school/vendor/laravel/framework/src/Illuminate/Foundation/Bootstrap/HandleExceptions.php(255): Illuminate\\Foundation\\Bootstrap\\HandleExceptions->handleError()
#1 [internal function]: Illuminate\\Foundation\\Bootstrap\\HandleExceptions->Illuminate\\Foundation\\Bootstrap\\{closure}()
#2 /media/fanojo/Nouveau_nom/21-08-25/LARAVEL12/tia_school/vendor/laravel/framework/src/Illuminate/Filesystem/Filesystem.php(204): file_put_contents()
#3 /media/fanojo/Nouveau_nom/21-08-25/LARAVEL12/tia_school/vendor/laravel/framework/src/Illuminate/Session/FileSessionHandler.php(90): Illuminate\\Filesystem\\Filesystem->put()
#4 /media/fanojo/Nouveau_nom/21-08-25/LARAVEL12/tia_school/vendor/laravel/framework/src/Illuminate/Session/Store.php(172): Illuminate\\Session\\FileSessionHandler->write()
#5 /media/fanojo/Nouveau_nom/21-08-25/LARAVEL12/tia_school/vendor/laravel/framework/src/Illuminate/Session/Middleware/StartSession.php(245): Illuminate\\Session\\Store->save()
#6 /media/fanojo/Nouveau_nom/21-08-25/LARAVEL12/tia_school/vendor/laravel/framework/src/Illuminate/Session/Middleware/StartSession.php(130): Illuminate\\Session\\Middleware\\StartSession->saveSession()
#7 /media/fanojo/Nouveau_nom/21-08-25/LARAVEL12/tia_school/vendor/laravel/framework/src/Illuminate/Session/Middleware/StartSession.php(64): Illuminate\\Session\\Middleware\\StartSession->handleStatefulRequest()
#8 /media/fanojo/Nouveau_nom/21-08-25/LARAVEL12/tia_school/vendor/laravel/framework/src/Illuminate/Pipeline/Pipeline.php(183): Illuminate\\Session\\Middleware\\StartSession->handle()
#9 /media/fanojo/Nouveau_nom/21-08-25/LARAVEL12/tia_school/vendor/laravel/framework/src/Illuminate/Cookie/Middleware/AddQueuedCookiesToResponse.php(37): Illuminate\\Pipeline\\Pipeline->Illuminate\\Pipeline\\{closure}()
#10 /media/fanojo/Nouveau_nom/21-08-25/LARAVEL12/tia_school/vendor/laravel/framework/src/Illuminate/Pipeline/Pipeline.php(183): Illuminate\\Cookie\\Middleware\\AddQueuedCookiesToResponse->handle()
#11 /media/fanojo/Nouveau_nom/21-08-25/LARAVEL12/tia_school/vendor/laravel/framework/src/Illuminate/Cookie/Middleware/EncryptCookies.php(67): Illuminate\\Pipeline\\Pipeline->Illuminate\\Pipeline\\{closure}()
#12 /media/fanojo/Nouveau_nom/21-08-25/LARAVEL12/tia_school/vendor/laravel/framework/src/Illuminate/Pipeline/Pipeline.php(183): Illuminate\\Cookie\\Middleware\\EncryptCookies->handle()
#13 /media/fanojo/Nouveau_nom/21-08-25/LARAVEL12/tia_school/vendor/laravel/framework/src/Illuminate/Pipeline/Pipeline.php(119): Illuminate\\Pipeline\\Pipeline->Illuminate\\Pipeline\\{closure}()
#14 /media/fanojo/Nouveau_nom/21-08-25/LARAVEL12/tia_school/vendor/laravel/framework/src/Illuminate/Routing/Router.php(805): Illuminate\\Pipeline\\Pipeline->then()
#15 /media/fanojo/Nouveau_nom/21-08-25/LARAVEL12/tia_school/vendor/laravel/framework/src/Illuminate/Routing/Router.php(784): Illuminate\\Routing\\Router->runRouteWithinStack()
#16 /media/fanojo/Nouveau_nom/21-08-25/LARAVEL12/tia_school/vendor/laravel/framework/src/Illuminate/Routing/Router.php(748): Illuminate\\Routing\\Router->runRoute()
#17 /media/fanojo/Nouveau_nom/21-08-25/LARAVEL12/tia_school/vendor/laravel/framework/src/Illuminate/Routing/Router.php(737): Illuminate\\Routing\\Router->dispatchToRoute()
#18 /media/fanojo/Nouveau_nom/21-08-25/LARAVEL12/tia_school/vendor/laravel/framework/src/Illuminate/Foundation/Http/Kernel.php(200): Illuminate\\Routing\\Router->dispatch()
#19 /media/fanojo/Nouveau_nom/21-08-25/LARAVEL12/tia_school/vendor/laravel/framework/src/Illuminate/Pipeline/Pipeline.php(144): Illuminate\\Foundation\\Http\\Kernel->Illuminate\\Foundation\\Http\\{closure}()
#20 /media/fanojo/Nouveau_nom/21-08-25/LARAVEL12/tia_school/vendor/laravel/framework/src/Illuminate/Foundation/Http/Middleware/TransformsRequest.php(21): Illuminate\\Pipeline\\Pipeline->Illuminate\\Pipeline\\{closure}()
#21 /media/fanojo/Nouveau_nom/21-08-25/LARAVEL12/tia_school/vendor/laravel/framework/src/Illuminate/Foundation/Http/Middleware/ConvertEmptyStringsToNull.php(31): Illuminate\\Foundation\\Http\\Middleware\\TransformsRequest->handle()
#22 /media/fanojo/Nouveau_nom/21-08-25/LARAVEL12/tia_school/vendor/laravel/framework/src/Illuminate/Pipeline/Pipeline.php(183): Illuminate\\Foundation\\Http\\Middleware\\ConvertEmptyStringsToNull->handle()
#23 /media/fanojo/Nouveau_nom/21-08-25/LARAVEL12/tia_school/vendor/laravel/framework/src/Illuminate/Foundation/Http/Middleware/TransformsRequest.php(21): Illuminate\\Pipeline\\Pipeline->Illuminate\\Pipeline\\{closure}()
#24 /media/fanojo/Nouveau_nom/21-08-25/LARAVEL12/tia_school/vendor/laravel/framework/src/Illuminate/Foundation/Http/Middleware/TrimStrings.php(40): Illuminate\\Foundation\\Http\\Middleware\\TransformsRequest->handle()
#25 /media/fanojo/Nouveau_nom/21-08-25/LARAVEL12/tia_school/vendor/laravel/framework/src/Illuminate/Pipeline/Pipeline.php(183): Illuminate\\Foundation\\Http\\Middleware\\TrimStrings->handle()
#26 /media/fanojo/Nouveau_nom/21-08-25/LARAVEL12/tia_school/vendor/laravel/framework/src/Illuminate/Foundation/Http/Middleware/ValidatePostSize.php(27): Illuminate\\Pipeline\\Pipeline->Illuminate\\Pipeline\\{closure}()
#27 /media/fanojo/Nouveau_nom/21-08-25/LARAVEL12/tia_school/vendor/laravel/framework/src/Illuminate/Pipeline/Pipeline.php(183): Illuminate\\Foundation\\Http\\Middleware\\ValidatePostSize->handle()
#28 /media/fanojo/Nouveau_nom/21-08-25/LARAVEL12/tia_school/vendor/laravel/framework/src/Illuminate/Foundation/Http/Middleware/PreventRequestsDuringMaintenance.php(99): Illuminate\\Pipeline\\Pipeline->Illuminate\\Pipeline\\{closure}()
#29 /media/fanojo/Nouveau_nom/21-08-25/LARAVEL12/tia_school/vendor/laravel/framework/src/Illuminate/Pipeline/Pipeline.php(183): Illuminate\\Foundation\\Http\\Middleware\\PreventRequestsDuringMaintenance->handle()
#30 /media/fanojo/Nouveau_nom/21-08-25/LARAVEL12/tia_school/vendor/laravel/framework/src/Illuminate/Http/Middleware/HandleCors.php(49): Illuminate\\Pipeline\\Pipeline->Illuminate\\Pipeline\\{closure}()
#31 /media/fanojo/Nouveau_nom/21-08-25/LARAVEL12/tia_school/vendor/laravel/framework/src/Illuminate/Pipeline/Pipeline.php(183): Illuminate\\Http\\Middleware\\HandleCors->handle()
#32 /media/fanojo/Nouveau_nom/21-08-25/LARAVEL12/tia_school/vendor/laravel/framework/src/Illuminate/Http/Middleware/TrustProxies.php(39): Illuminate\\Pipeline\\Pipeline->Illuminate\\Pipeline\\{closure}()
#33 /media/fanojo/Nouveau_nom/21-08-25/LARAVEL12/tia_school/vendor/laravel/framework/src/Illuminate/Pipeline/Pipeline.php(183): Illuminate\\Http\\Middleware\\TrustProxies->handle()
#34 /media/fanojo/Nouveau_nom/21-08-25/LARAVEL12/tia_school/vendor/laravel/framework/src/Illuminate/Pipeline/Pipeline.php(119): Illuminate\\Pipeline\\Pipeline->Illuminate\\Pipeline\\{closure}()
#35 /media/fanojo/Nouveau_nom/21-08-25/LARAVEL12/tia_school/vendor/laravel/framework/src/Illuminate/Foundation/Http/Kernel.php(175): Illuminate\\Pipeline\\Pipeline->then()
#36 /media/fanojo/Nouveau_nom/21-08-25/LARAVEL12/tia_school/vendor/laravel/framework/src/Illuminate/Foundation/Http/Kernel.php(144): Illuminate\\Foundation\\Http\\Kernel->sendRequestThroughRouter()
#37 /media/fanojo/Nouveau_nom/21-08-25/LARAVEL12/tia_school/public/index.php(51): Illuminate\\Foundation\\Http\\Kernel->handle()
#38 /media/fanojo/Nouveau_nom/21-08-25/LARAVEL12/tia_school/vendor/laravel/framework/src/Illuminate/Foundation/resources/server.php(16): require_once('...')
#39 {main}
"} 
[2025-08-25 11:01:21] local.ERROR: View [accueil] not found. {"exception":"[object] (InvalidArgumentException(code: 0): View [accueil] not found. at /media/fanojo/Nouveau_nom/21-08-25/LARAVEL12/tia_school/vendor/laravel/framework/src/Illuminate/View/FileViewFinder.php:137)
[stacktrace]
#0 /media/fanojo/Nouveau_nom/21-08-25/LARAVEL12/tia_school/vendor/laravel/framework/src/Illuminate/View/FileViewFinder.php(79): Illuminate\\View\\FileViewFinder->findInPaths()
#1 /media/fanojo/Nouveau_nom/21-08-25/LARAVEL12/tia_school/vendor/laravel/framework/src/Illuminate/View/Factory.php(137): Illuminate\\View\\FileViewFinder->find()
#2 /media/fanojo/Nouveau_nom/21-08-25/LARAVEL12/tia_school/vendor/laravel/framework/src/Illuminate/Foundation/helpers.php(1020): Illuminate\\View\\Factory->make()
#3 laravel-serializable-closure://function () {
    return \\view('accueil');
}(3): view()
#4 /media/fanojo/Nouveau_nom/21-08-25/LARAVEL12/tia_school/vendor/laravel/framework/src/Illuminate/Routing/CallableDispatcher.php(40): Illuminate\\Routing\\RouteFileRegistrar::{closure}()
#5 /media/fanojo/Nouveau_nom/21-08-25/LARAVEL12/tia_school/vendor/laravel/framework/src/Illuminate/Routing/Route.php(237): Illuminate\\Routing\\CallableDispatcher->dispatch()
#6 /media/fanojo/Nouveau_nom/21-08-25/LARAVEL12/tia_school/vendor/laravel/framework/src/Illuminate/Routing/Route.php(208): Illuminate\\Routing\\Route->runCallable()
#7 /media/fanojo/Nouveau_nom/21-08-25/LARAVEL12/tia_school/vendor/laravel/framework/src/Illuminate/Routing/Router.php(806): Illuminate\\Routing\\Route->run()
#8 /media/fanojo/Nouveau_nom/21-08-25/LARAVEL12/tia_school/vendor/laravel/framework/src/Illuminate/Pipeline/Pipeline.php(144): Illuminate\\Routing\\Router->Illuminate\\Routing\\{closure}()
#9 /media/fanojo/Nouveau_nom/21-08-25/LARAVEL12/tia_school/vendor/laravel/framework/src/Illuminate/Routing/Middleware/SubstituteBindings.php(50): Illuminate\\Pipeline\\Pipeline->Illuminate\\Pipeline\\{closure}()
#10 /media/fanojo/Nouveau_nom/21-08-25/LARAVEL12/tia_school/vendor/laravel/framework/src/Illuminate/Pipeline/Pipeline.php(183): Illuminate\\Routing\\Middleware\\SubstituteBindings->handle()
#11 /media/fanojo/Nouveau_nom/21-08-25/LARAVEL12/tia_school/vendor/laravel/framework/src/Illuminate/Foundation/Http/Middleware/VerifyCsrfToken.php(78): Illuminate\\Pipeline\\Pipeline->Illuminate\\Pipeline\\{closure}()
#12 /media/fanojo/Nouveau_nom/21-08-25/LARAVEL12/tia_school/vendor/laravel/framework/src/Illuminate/Pipeline/Pipeline.php(183): Illuminate\\Foundation\\Http\\Middleware\\VerifyCsrfToken->handle()
#13 /media/fanojo/Nouveau_nom/21-08-25/LARAVEL12/tia_school/vendor/laravel/framework/src/Illuminate/View/Middleware/ShareErrorsFromSession.php(49): Illuminate\\Pipeline\\Pipeline->Illuminate\\Pipeline\\{closure}()
#14 /media/fanojo/Nouveau_nom/21-08-25/LARAVEL12/tia_school/vendor/laravel/framework/src/Illuminate/Pipeline/Pipeline.php(183): Illuminate\\View\\Middleware\\ShareErrorsFromSession->handle()
#15 /media/fanojo/Nouveau_nom/21-08-25/LARAVEL12/tia_school/vendor/laravel/framework/src/Illuminate/Session/Middleware/StartSession.php(121): Illuminate\\Pipeline\\Pipeline->Illuminate\\Pipeline\\{closure}()
#16 /media/fanojo/Nouveau_nom/21-08-25/LARAVEL12/tia_school/vendor/laravel/framework/src/Illuminate/Session/Middleware/StartSession.php(64): Illuminate\\Session\\Middleware\\StartSession->handleStatefulRequest()
#17 /media/fanojo/Nouveau_nom/21-08-25/LARAVEL12/tia_school/vendor/laravel/framework/src/Illuminate/Pipeline/Pipeline.php(183): Illuminate\\Session\\Middleware\\StartSession->handle()
#18 /media/fanojo/Nouveau_nom/21-08-25/LARAVEL12/tia_school/vendor/laravel/framework/src/Illuminate/Cookie/Middleware/AddQueuedCookiesToResponse.php(37): Illuminate\\Pipeline\\Pipeline->Illuminate\\Pipeline\\{closure}()
#19 /media/fanojo/Nouveau_nom/21-08-25/LARAVEL12/tia_school/vendor/laravel/framework/src/Illuminate/Pipeline/Pipeline.php(183): Illuminate\\Cookie\\Middleware\\AddQueuedCookiesToResponse->handle()
#20 /media/fanojo/Nouveau_nom/21-08-25/LARAVEL12/tia_school/vendor/laravel/framework/src/Illuminate/Cookie/Middleware/EncryptCookies.php(67): Illuminate\\Pipeline\\Pipeline->Illuminate\\Pipeline\\{closure}()
#21 /media/fanojo/Nouveau_nom/21-08-25/LARAVEL12/tia_school/vendor/laravel/framework/src/Illuminate/Pipeline/Pipeline.php(183): Illuminate\\Cookie\\Middleware\\EncryptCookies->handle()
#22 /media/fanojo/Nouveau_nom/21-08-25/LARAVEL12/tia_school/vendor/laravel/framework/src/Illuminate/Pipeline/Pipeline.php(119): Illuminate\\Pipeline\\Pipeline->Illuminate\\Pipeline\\{closure}()
#23 /media/fanojo/Nouveau_nom/21-08-25/LARAVEL12/tia_school/vendor/laravel/framework/src/Illuminate/Routing/Router.php(805): Illuminate\\Pipeline\\Pipeline->then()
#24 /media/fanojo/Nouveau_nom/21-08-25/LARAVEL12/tia_school/vendor/laravel/framework/src/Illuminate/Routing/Router.php(784): Illuminate\\Routing\\Router->runRouteWithinStack()
#25 /media/fanojo/Nouveau_nom/21-08-25/LARAVEL12/tia_school/vendor/laravel/framework/src/Illuminate/Routing/Router.php(748): Illuminate\\Routing\\Router->runRoute()
#26 /media/fanojo/Nouveau_nom/21-08-25/LARAVEL12/tia_school/vendor/laravel/framework/src/Illuminate/Routing/Router.php(737): Illuminate\\Routing\\Router->dispatchToRoute()
#27 /media/fanojo/Nouveau_nom/21-08-25/LARAVEL12/tia_school/vendor/laravel/framework/src/Illuminate/Foundation/Http/Kernel.php(200): Illuminate\\Routing\\Router->dispatch()
#28 /media/fanojo/Nouveau_nom/21-08-25/LARAVEL12/tia_school/vendor/laravel/framework/src/Illuminate/Pipeline/Pipeline.php(144): Illuminate\\Foundation\\Http\\Kernel->Illuminate\\Foundation\\Http\\{closure}()
#29 /media/fanojo/Nouveau_nom/21-08-25/LARAVEL12/tia_school/vendor/laravel/framework/src/Illuminate/Foundation/Http/Middleware/TransformsRequest.php(21): Illuminate\\Pipeline\\Pipeline->Illuminate\\Pipeline\\{closure}()
#30 /media/fanojo/Nouveau_nom/21-08-25/LARAVEL12/tia_school/vendor/laravel/framework/src/Illuminate/Foundation/Http/Middleware/ConvertEmptyStringsToNull.php(31): Illuminate\\Foundation\\Http\\Middleware\\TransformsRequest->handle()
#31 /media/fanojo/Nouveau_nom/21-08-25/LARAVEL12/tia_school/vendor/laravel/framework/src/Illuminate/Pipeline/Pipeline.php(183): Illuminate\\Foundation\\Http\\Middleware\\ConvertEmptyStringsToNull->handle()
#32 /media/fanojo/Nouveau_nom/21-08-25/LARAVEL12/tia_school/vendor/laravel/framework/src/Illuminate/Foundation/Http/Middleware/TransformsRequest.php(21): Illuminate\\Pipeline\\Pipeline->Illuminate\\Pipeline\\{closure}()
#33 /media/fanojo/Nouveau_nom/21-08-25/LARAVEL12/tia_school/vendor/laravel/framework/src/Illuminate/Foundation/Http/Middleware/TrimStrings.php(40): Illuminate\\Foundation\\Http\\Middleware\\TransformsRequest->handle()
#34 /media/fanojo/Nouveau_nom/21-08-25/LARAVEL12/tia_school/vendor/laravel/framework/src/Illuminate/Pipeline/Pipeline.php(183): Illuminate\\Foundation\\Http\\Middleware\\TrimStrings->handle()
#35 /media/fanojo/Nouveau_nom/21-08-25/LARAVEL12/tia_school/vendor/laravel/framework/src/Illuminate/Foundation/Http/Middleware/ValidatePostSize.php(27): Illuminate\\Pipeline\\Pipeline->Illuminate\\Pipeline\\{closure}()
#36 /media/fanojo/Nouveau_nom/21-08-25/LARAVEL12/tia_school/vendor/laravel/framework/src/Illuminate/Pipeline/Pipeline.php(183): Illuminate\\Foundation\\Http\\Middleware\\ValidatePostSize->handle()
#37 /media/fanojo/Nouveau_nom/21-08-25/LARAVEL12/tia_school/vendor/laravel/framework/src/Illuminate/Foundation/Http/Middleware/PreventRequestsDuringMaintenance.php(99): Illuminate\\Pipeline\\Pipeline->Illuminate\\Pipeline\\{closure}()
#38 /media/fanojo/Nouveau_nom/21-08-25/LARAVEL12/tia_school/vendor/laravel/framework/src/Illuminate/Pipeline/Pipeline.php(183): Illuminate\\Foundation\\Http\\Middleware\\PreventRequestsDuringMaintenance->handle()
#39 /media/fanojo/Nouveau_nom/21-08-25/LARAVEL12/tia_school/vendor/laravel/framework/src/Illuminate/Http/Middleware/HandleCors.php(49): Illuminate\\Pipeline\\Pipeline->Illuminate\\Pipeline\\{closure}()
#40 /media/fanojo/Nouveau_nom/21-08-25/LARAVEL12/tia_school/vendor/laravel/framework/src/Illuminate/Pipeline/Pipeline.php(183): Illuminate\\Http\\Middleware\\HandleCors->handle()
#41 /media/fanojo/Nouveau_nom/21-08-25/LARAVEL12/tia_school/vendor/laravel/framework/src/Illuminate/Http/Middleware/TrustProxies.php(39): Illuminate\\Pipeline\\Pipeline->Illuminate\\Pipeline\\{closure}()
#42 /media/fanojo/Nouveau_nom/21-08-25/LARAVEL12/tia_school/vendor/laravel/framework/src/Illuminate/Pipeline/Pipeline.php(183): Illuminate\\Http\\Middleware\\TrustProxies->handle()
#43 /media/fanojo/Nouveau_nom/21-08-25/LARAVEL12/tia_school/vendor/laravel/framework/src/Illuminate/Pipeline/Pipeline.php(119): Illuminate\\Pipeline\\Pipeline->Illuminate\\Pipeline\\{closure}()
#44 /media/fanojo/Nouveau_nom/21-08-25/LARAVEL12/tia_school/vendor/laravel/framework/src/Illuminate/Foundation/Http/Kernel.php(175): Illuminate\\Pipeline\\Pipeline->then()
#45 /media/fanojo/Nouveau_nom/21-08-25/LARAVEL12/tia_school/vendor/laravel/framework/src/Illuminate/Foundation/Http/Kernel.php(144): Illuminate\\Foundation\\Http\\Kernel->sendRequestThroughRouter()
#46 /media/fanojo/Nouveau_nom/21-08-25/LARAVEL12/tia_school/public/index.php(51): Illuminate\\Foundation\\Http\\Kernel->handle()
#47 /media/fanojo/Nouveau_nom/21-08-25/LARAVEL12/tia_school/vendor/laravel/framework/src/Illuminate/Foundation/resources/server.php(16): require_once('...')
#48 {main}
"} 
[2025-08-25 11:01:22] local.ERROR: file_put_contents(C:\LARAVEL12\tia_school\storage\framework/sessions/SE7oYB4KwpmDatHYZbS6wgXyX9Y4Q2wuAl3Mabvd): Failed to open stream: No such file or directory {"exception":"[object] (ErrorException(code: 0): file_put_contents(C:\\LARAVEL12\\tia_school\\storage\\framework/sessions/SE7oYB4KwpmDatHYZbS6wgXyX9Y4Q2wuAl3Mabvd): Failed to open stream: No such file or directory at /media/fanojo/Nouveau_nom/21-08-25/LARAVEL12/tia_school/vendor/laravel/framework/src/Illuminate/Filesystem/Filesystem.php:204)
[stacktrace]
#0 /media/fanojo/Nouveau_nom/21-08-25/LARAVEL12/tia_school/vendor/laravel/framework/src/Illuminate/Foundation/Bootstrap/HandleExceptions.php(255): Illuminate\\Foundation\\Bootstrap\\HandleExceptions->handleError()
#1 [internal function]: Illuminate\\Foundation\\Bootstrap\\HandleExceptions->Illuminate\\Foundation\\Bootstrap\\{closure}()
#2 /media/fanojo/Nouveau_nom/21-08-25/LARAVEL12/tia_school/vendor/laravel/framework/src/Illuminate/Filesystem/Filesystem.php(204): file_put_contents()
#3 /media/fanojo/Nouveau_nom/21-08-25/LARAVEL12/tia_school/vendor/laravel/framework/src/Illuminate/Session/FileSessionHandler.php(90): Illuminate\\Filesystem\\Filesystem->put()
#4 /media/fanojo/Nouveau_nom/21-08-25/LARAVEL12/tia_school/vendor/laravel/framework/src/Illuminate/Session/Store.php(172): Illuminate\\Session\\FileSessionHandler->write()
#5 /media/fanojo/Nouveau_nom/21-08-25/LARAVEL12/tia_school/vendor/laravel/framework/src/Illuminate/Session/Middleware/StartSession.php(245): Illuminate\\Session\\Store->save()
#6 /media/fanojo/Nouveau_nom/21-08-25/LARAVEL12/tia_school/vendor/laravel/framework/src/Illuminate/Session/Middleware/StartSession.php(130): Illuminate\\Session\\Middleware\\StartSession->saveSession()
#7 /media/fanojo/Nouveau_nom/21-08-25/LARAVEL12/tia_school/vendor/laravel/framework/src/Illuminate/Session/Middleware/StartSession.php(64): Illuminate\\Session\\Middleware\\StartSession->handleStatefulRequest()
#8 /media/fanojo/Nouveau_nom/21-08-25/LARAVEL12/tia_school/vendor/laravel/framework/src/Illuminate/Pipeline/Pipeline.php(183): Illuminate\\Session\\Middleware\\StartSession->handle()
#9 /media/fanojo/Nouveau_nom/21-08-25/LARAVEL12/tia_school/vendor/laravel/framework/src/Illuminate/Cookie/Middleware/AddQueuedCookiesToResponse.php(37): Illuminate\\Pipeline\\Pipeline->Illuminate\\Pipeline\\{closure}()
#10 /media/fanojo/Nouveau_nom/21-08-25/LARAVEL12/tia_school/vendor/laravel/framework/src/Illuminate/Pipeline/Pipeline.php(183): Illuminate\\Cookie\\Middleware\\AddQueuedCookiesToResponse->handle()
#11 /media/fanojo/Nouveau_nom/21-08-25/LARAVEL12/tia_school/vendor/laravel/framework/src/Illuminate/Cookie/Middleware/EncryptCookies.php(67): Illuminate\\Pipeline\\Pipeline->Illuminate\\Pipeline\\{closure}()
#12 /media/fanojo/Nouveau_nom/21-08-25/LARAVEL12/tia_school/vendor/laravel/framework/src/Illuminate/Pipeline/Pipeline.php(183): Illuminate\\Cookie\\Middleware\\EncryptCookies->handle()
#13 /media/fanojo/Nouveau_nom/21-08-25/LARAVEL12/tia_school/vendor/laravel/framework/src/Illuminate/Pipeline/Pipeline.php(119): Illuminate\\Pipeline\\Pipeline->Illuminate\\Pipeline\\{closure}()
#14 /media/fanojo/Nouveau_nom/21-08-25/LARAVEL12/tia_school/vendor/laravel/framework/src/Illuminate/Routing/Router.php(805): Illuminate\\Pipeline\\Pipeline->then()
#15 /media/fanojo/Nouveau_nom/21-08-25/LARAVEL12/tia_school/vendor/laravel/framework/src/Illuminate/Routing/Router.php(784): Illuminate\\Routing\\Router->runRouteWithinStack()
#16 /media/fanojo/Nouveau_nom/21-08-25/LARAVEL12/tia_school/vendor/laravel/framework/src/Illuminate/Routing/Router.php(748): Illuminate\\Routing\\Router->runRoute()
#17 /media/fanojo/Nouveau_nom/21-08-25/LARAVEL12/tia_school/vendor/laravel/framework/src/Illuminate/Routing/Router.php(737): Illuminate\\Routing\\Router->dispatchToRoute()
#18 /media/fanojo/Nouveau_nom/21-08-25/LARAVEL12/tia_school/vendor/laravel/framework/src/Illuminate/Foundation/Http/Kernel.php(200): Illuminate\\Routing\\Router->dispatch()
#19 /media/fanojo/Nouveau_nom/21-08-25/LARAVEL12/tia_school/vendor/laravel/framework/src/Illuminate/Pipeline/Pipeline.php(144): Illuminate\\Foundation\\Http\\Kernel->Illuminate\\Foundation\\Http\\{closure}()
#20 /media/fanojo/Nouveau_nom/21-08-25/LARAVEL12/tia_school/vendor/laravel/framework/src/Illuminate/Foundation/Http/Middleware/TransformsRequest.php(21): Illuminate\\Pipeline\\Pipeline->Illuminate\\Pipeline\\{closure}()
#21 /media/fanojo/Nouveau_nom/21-08-25/LARAVEL12/tia_school/vendor/laravel/framework/src/Illuminate/Foundation/Http/Middleware/ConvertEmptyStringsToNull.php(31): Illuminate\\Foundation\\Http\\Middleware\\TransformsRequest->handle()
#22 /media/fanojo/Nouveau_nom/21-08-25/LARAVEL12/tia_school/vendor/laravel/framework/src/Illuminate/Pipeline/Pipeline.php(183): Illuminate\\Foundation\\Http\\Middleware\\ConvertEmptyStringsToNull->handle()
#23 /media/fanojo/Nouveau_nom/21-08-25/LARAVEL12/tia_school/vendor/laravel/framework/src/Illuminate/Foundation/Http/Middleware/TransformsRequest.php(21): Illuminate\\Pipeline\\Pipeline->Illuminate\\Pipeline\\{closure}()
#24 /media/fanojo/Nouveau_nom/21-08-25/LARAVEL12/tia_school/vendor/laravel/framework/src/Illuminate/Foundation/Http/Middleware/TrimStrings.php(40): Illuminate\\Foundation\\Http\\Middleware\\TransformsRequest->handle()
#25 /media/fanojo/Nouveau_nom/21-08-25/LARAVEL12/tia_school/vendor/laravel/framework/src/Illuminate/Pipeline/Pipeline.php(183): Illuminate\\Foundation\\Http\\Middleware\\TrimStrings->handle()
#26 /media/fanojo/Nouveau_nom/21-08-25/LARAVEL12/tia_school/vendor/laravel/framework/src/Illuminate/Foundation/Http/Middleware/ValidatePostSize.php(27): Illuminate\\Pipeline\\Pipeline->Illuminate\\Pipeline\\{closure}()
#27 /media/fanojo/Nouveau_nom/21-08-25/LARAVEL12/tia_school/vendor/laravel/framework/src/Illuminate/Pipeline/Pipeline.php(183): Illuminate\\Foundation\\Http\\Middleware\\ValidatePostSize->handle()
#28 /media/fanojo/Nouveau_nom/21-08-25/LARAVEL12/tia_school/vendor/laravel/framework/src/Illuminate/Foundation/Http/Middleware/PreventRequestsDuringMaintenance.php(99): Illuminate\\Pipeline\\Pipeline->Illuminate\\Pipeline\\{closure}()
#29 /media/fanojo/Nouveau_nom/21-08-25/LARAVEL12/tia_school/vendor/laravel/framework/src/Illuminate/Pipeline/Pipeline.php(183): Illuminate\\Foundation\\Http\\Middleware\\PreventRequestsDuringMaintenance->handle()
#30 /media/fanojo/Nouveau_nom/21-08-25/LARAVEL12/tia_school/vendor/laravel/framework/src/Illuminate/Http/Middleware/HandleCors.php(49): Illuminate\\Pipeline\\Pipeline->Illuminate\\Pipeline\\{closure}()
#31 /media/fanojo/Nouveau_nom/21-08-25/LARAVEL12/tia_school/vendor/laravel/framework/src/Illuminate/Pipeline/Pipeline.php(183): Illuminate\\Http\\Middleware\\HandleCors->handle()
#32 /media/fanojo/Nouveau_nom/21-08-25/LARAVEL12/tia_school/vendor/laravel/framework/src/Illuminate/Http/Middleware/TrustProxies.php(39): Illuminate\\Pipeline\\Pipeline->Illuminate\\Pipeline\\{closure}()
#33 /media/fanojo/Nouveau_nom/21-08-25/LARAVEL12/tia_school/vendor/laravel/framework/src/Illuminate/Pipeline/Pipeline.php(183): Illuminate\\Http\\Middleware\\TrustProxies->handle()
#34 /media/fanojo/Nouveau_nom/21-08-25/LARAVEL12/tia_school/vendor/laravel/framework/src/Illuminate/Pipeline/Pipeline.php(119): Illuminate\\Pipeline\\Pipeline->Illuminate\\Pipeline\\{closure}()
#35 /media/fanojo/Nouveau_nom/21-08-25/LARAVEL12/tia_school/vendor/laravel/framework/src/Illuminate/Foundation/Http/Kernel.php(175): Illuminate\\Pipeline\\Pipeline->then()
#36 /media/fanojo/Nouveau_nom/21-08-25/LARAVEL12/tia_school/vendor/laravel/framework/src/Illuminate/Foundation/Http/Kernel.php(144): Illuminate\\Foundation\\Http\\Kernel->sendRequestThroughRouter()
#37 /media/fanojo/Nouveau_nom/21-08-25/LARAVEL12/tia_school/public/index.php(51): Illuminate\\Foundation\\Http\\Kernel->handle()
#38 /media/fanojo/Nouveau_nom/21-08-25/LARAVEL12/tia_school/vendor/laravel/framework/src/Illuminate/Foundation/resources/server.php(16): require_once('...')
#39 {main}
"} 
